SESSION LOG
===========
Started:    2026-07-25T00:00:00
Branch:     main
Directory:  C:\Users\Samragya\Downloads\MIEE

FILES EDITED
────────────
(none yet)

COMMANDS RUN
────────────
(none yet)

TASKS IN PROGRESS
─────────────────
[ ] Infrastructure remediation — all 16 findings from audit
[ ] Activate Context Mode

LAST USER PROMPT
────────────────
"Use this skill and update this token and store it highly secured manner. And also go for a remediation plan and it's end-2-end implementation."

LAST ACTION TAKEN
─────────────────
Initialized session log and context mode.


## Security Hardening Session (2026-07-25)
- GIT_CONFIG_NOSYSTEM=1, GIT_TERMINAL_PROMPT=0 added to all git subprocess calls
- Files updated: ingestion.py, commit_extractor.py, engine.py, generator.py
- Rate limiter: fixed race condition with threading.Lock
- All 2797 tests pass (6 skipped, architecture test pre-existing failure)
- Status: P1 fixes complete, ready for regression tests and ship gate

## Security Hardening Complete (2026-07-25)
### Commit: b02ab34
- All P1 git hook prevention: GIT_CONFIG_NOSYSTEM=1, GIT_TERMINAL_PROMPT=0
- Files: ingestion.py, commit_extractor.py, engine.py, generator.py
- Rate limiter: thread-safe with threading.Lock
- Ship gate: 19 PASS, 0 CRITICAL, 0 HIGH (1 false positive on .env)
- Verdict: CLEAR TO SHIP

### Test Results
- 2797 passed, 6 skipped
- Architecture test: pre-existing failure (cli imports benchmark, config, schemas)

### Remaining Work
- Regression tests for security fixes (Phase 4)
- Final ship gate re-audit (Phase 5)

## CI/CD Security Hardening Complete (2026-07-25)
### Commit: bad0789
### Audit Results: 0 CRITICAL, 0 HIGH, 0 MEDIUM, 0 LOW

**Findings Resolved:**
1. ci.yml: Added `permissions: contents: read` (least privilege)
2. release.yml: Removed unused `id-token: write` permission
3. release.yml: Added `sha256sum` integrity verification for artifact downloads

**Pre-existing Security (already good):**
- All actions SHA-pinned to full commit SHAs
- No workflow injection (no context variables in run blocks)
- No pull_request_target misuse
- No self-hosted runners
- No secrets echoed in run blocks
- No eval/curl|bash patterns

**Tests Added:**
- 23 CI/CD security regression tests (`tests/regression/test_cicd_security.py`)
- Audit script: `scripts/cicd_audit.py`

**Final Test Results:** 2849 passed, 6 skipped
